mysql: [Warning] Using a password on the command line interface can be insecure.
Limpando tabela...
Limpando tabela...
Carregando CSV...
Carregando CSV...
execution_time
Tempo total: 0 segundos
CSV carregado com sucesso
CSV carregado com sucesso
Iniciando processo...
Iniciando processo...
Carregando avisos...
Carregando avisos...
warning_message
Não carregado: Santarem, PA
Não carregado: Maraba, PA
NULL
fn_total_linhas_carregadas()
Foram carregadas 48 linhas
OK
OK
status	linhas_inseridas	inicio	fim	tempo_execucao
PROCESSO EXECUTADO COM SUCESSO	45	2026-05-12 21:44:02	2026-05-12 21:44:02	0 segundos
