Arquivo weather.csv nao encontrado

/mnt/c/Users/lramo/OneDrive/Documentos/Estudos/sql-estudos/project/weather/scripts/weather.sh: line 7: .env: No such file or directory
Erro durante carga staging
/mnt/c/Users/lramo/OneDrive/Documentos/Estudos/sql-estudos/project/weather/scripts/weather.sh: line 7: .env: No such file or directory
Erro durante carga staging
/mnt/c/Users/lramo/OneDrive/Documentos/Estudos/sql-estudos/project/weather/scripts/weather.sh: line 7: .env: No such file or directory
Erro durante carga staging
/mnt/c/Users/lramo/OneDrive/Documentos/Estudos/sql-estudos/project/weather/scripts/weather.sh: line 7: .env: No such file or directory
Arquivo weather.csv nao encontrado
/mnt/c/Users/lramo/OneDrive/Documentos/Estudos/sql-estudos/project/weather/scripts/weather.sh: line 7: .env: No such file or directory
Erro durante carga staging
/mnt/c/Users/lramo/OneDrive/Documentos/Estudos/sql-estudos/project/weather/scripts/weather.sh: line 7: .env: No such file or directory
Erro durante carga staging
/mnt/c/Users/lramo/OneDrive/Documentos/Estudos/sql-estudos/project/weather/scripts/weather.sh: line 7: .env: No such file or directory
Erro durante carga staging
/mnt/c/Users/lramo/OneDrive/Documentos/Estudos/sql-estudos/project/weather/scripts/weather.sh: line 7: .env: No such file or directory
Erro durante carga staging
/mnt/c/Users/lramo/OneDrive/Documentos/Estudos/sql-estudos/project/weather/scripts/weather.sh: line 7: .env: No such file or directory
Erro durante carga staging
/mnt/c/Users/lramo/OneDrive/Documentos/Estudos/sql-estudos/project/weather/scripts/weather.sh: line 7: .env: No such file or directory
Erro durante carga staging
/mnt/c/Users/lramo/OneDrive/Documentos/Estudos/sql-estudos/project/weather/scripts/weather.sh: line 7: .env: No such file or directory
Erro durante carga staging
/mnt/c/Users/lramo/OneDrive/Documentos/Estudos/sql-estudos/project/weather/scripts/weather.sh: line 7: .env: No such file or directory
Erro durante carga staging
Erro durante carga staging
Carga staging executada com sucesso
mysql: [Warning] Using a password on the command line interface can be insecure.
mysql: [Warning] Using a password on the command line interface can be insecure.
Arquivo processado com sucesso
/mnt/c/Users/lramo/OneDrive/Documentos/Estudos/sql-estudos/project/weather/scripts/weather.sh: line 44: =====================================================: command not found
Erro durante carga staging
Carga staging executada com sucesso
mysql: [Warning] Using a password on the command line interface can be insecure.
mysql: [Warning] Using a password on the command line interface can be insecure.
Arquivo processado com sucesso
Carga staging executada com sucesso
mysql: [Warning] Using a password on the command line interface can be insecure.
mysql: [Warning] Using a password on the command line interface can be insecure.
Arquivo processado com sucesso
Arquivo weather.csv nao encontrado
Carga staging executada com sucesso
mysql: [Warning] Using a password on the command line interface can be insecure.
mysql: [Warning] Using a password on the command line interface can be insecure.
Arquivo processado com sucesso
Carga staging executada com sucesso
mysql: [Warning] Using a password on the command line interface can be insecure.
mysql: [Warning] Using a password on the command line interface can be insecure.
Arquivo processado com sucesso
Carga staging executada com sucesso
mysql: [Warning] Using a password on the command line interface can be insecure.
mysql: [Warning] Using a password on the command line interface can be insecure.
Arquivo processado com sucesso
